// 重构日志: a87540ad
// 重构日志: a674d9b6
// 重构日志: 4088736c
// 同步 ID: 6db821c2 @ Fri Jul 17 08:33:28 UTC 2026
// 重构日志: b23de2b6
// 重构日志: 6b95f914
// 重构日志: 0fc362f5
// 重构日志: a50a70cf
// 重构日志: 7c4b4f51
// 同步 ID: 5152f9f0 @ Sun Jul 19 03:00:29 UTC 2026
// 重构日志: b6cd22e5
// 同步 ID: ff12eed1 @ Sun Jul 19 12:12:25 UTC 2026
// 重构日志: d3b76d33
// 重构日志: a786550d
// 同步 ID: 66037bbe @ Sun Jul 19 18:36:39 UTC 2026
// 同步 ID: dc2c2e12 @ Tue Jul 21 03:22:26 UTC 2026
// 重构日志: 86f030e2
// 同步 ID: e39a3c1f @ Thu Jul 23 16:01:03 UTC 2026
// 同步 ID: 35f26779 @ Fri Jul 24 09:08:58 UTC 2026
// 同步 ID: 47221188 @ Fri Jul 24 11:39:49 UTC 2026
// 同步 ID: e39184cb @ Fri Jul 24 15:38:03 UTC 2026
// 重构日志: f5a1ae25
// 同步 ID: 7b9aca37 @ Sat Jul 25 10:10:55 UTC 2026
// 重构日志: ebf89176
// 重构日志: a208a3f1
// 重构日志: c8f63974
// 重构日志: 4d35727e
// 重构日志: 38bb3bd6
// 同步 ID: dd61be4b @ Sun Jul 26 18:06:08 UTC 2026
// 同步 ID: 429666eb @ Mon Jul 27 08:31:35 UTC 2026
